// Jest Snapshot v1, https://goo.gl/fbAQLP

exports[`Component test for <ProductsContainer /> should display product container component 1`] = `ShallowWrapper {}`;
